// Jest Snapshot v1, https://goo.gl/fbAQLP

exports[`<Footer /> renders correctly 1`] = `
<div>
  <ul>
    <li>
      <a
        href="#"
      >
        Footer Link
      </a>
    </li>
  </ul>
</div>
`;
